Release 14.7 - xst P.20131013 (nt64)
Copyright (c) 1995-2013 Xilinx, Inc.  All rights reserved.
--> Parameter TMPDIR set to xst/projnav.tmp


Total REAL time to Xst completion: 0.00 secs
Total CPU time to Xst completion: 0.33 secs
 
--> Parameter xsthdpdir set to xst


Total REAL time to Xst completion: 0.00 secs
Total CPU time to Xst completion: 0.33 secs
 
--> Reading design: Booth_Multiplier_nbit.prj

TABLE OF CONTENTS
  1) Synthesis Options Summary
  2) HDL Parsing
  3) HDL Elaboration
  4) HDL Synthesis
       4.1) HDL Synthesis Report
  5) Advanced HDL Synthesis
       5.1) Advanced HDL Synthesis Report
  6) Low Level Synthesis
  7) Partition Report
  8) Design Summary
       8.1) Primitive and Black Box Usage
       8.2) Device utilization summary
       8.3) Partition Resource Summary
       8.4) Timing Report
            8.4.1) Clock Information
            8.4.2) Asynchronous Control Signals Information
            8.4.3) Timing Summary
            8.4.4) Timing Details
            8.4.5) Cross Clock Domains Report


=========================================================================
*                      Synthesis Options Summary                        *
=========================================================================
---- Source Parameters
Input File Name                    : "Booth_Multiplier_nbit.prj"
Ignore Synthesis Constraint File   : NO

---- Target Parameters
Output File Name                   : "Booth_Multiplier_nbit"
Output Format                      : NGC
Target Device                      : xc7a100t-3-csg324

---- Source Options
Top Module Name                    : Booth_Multiplier_nbit
Automatic FSM Extraction           : YES
FSM Encoding Algorithm             : Auto
Safe Implementation                : No
FSM Style                          : LUT
RAM Extraction                     : Yes
RAM Style                          : Auto
ROM Extraction                     : Yes
Shift Register Extraction          : YES
ROM Style                          : Auto
Resource Sharing                   : YES
Asynchronous To Synchronous        : NO
Shift Register Minimum Size        : 2
Use DSP Block                      : Auto
Automatic Register Balancing       : No

---- Target Options
LUT Combining                      : Auto
Reduce Control Sets                : Auto
Add IO Buffers                     : YES
Global Maximum Fanout              : 100000
Add Generic Clock Buffer(BUFG)     : 32
Register Duplication               : YES
Optimize Instantiated Primitives   : NO
Use Clock Enable                   : Auto
Use Synchronous Set                : Auto
Use Synchronous Reset              : Auto
Pack IO Registers into IOBs        : Auto
Equivalent register Removal        : YES

---- General Options
Optimization Goal                  : Speed
Optimization Effort                : 1
Power Reduction                    : NO
Keep Hierarchy                     : No
Netlist Hierarchy                  : As_Optimized
RTL Output                         : Yes
Global Optimization                : AllClockNets
Read Cores                         : YES
Write Timing Constraints           : NO
Cross Clock Analysis               : NO
Hierarchy Separator                : /
Bus Delimiter                      : <>
Case Specifier                     : Maintain
Slice Utilization Ratio            : 100
BRAM Utilization Ratio             : 100
DSP48 Utilization Ratio            : 100
Auto BRAM Packing                  : NO
Slice Utilization Ratio Delta      : 5

=========================================================================


=========================================================================
*                          HDL Parsing                                  *
=========================================================================
Parsing VHDL file "C:\Users\Sh\Desktop\VHDL_Project\Booth\MUX2x1.vhd" into library work
Parsing entity <MUX2to1>.
Parsing architecture <structure> of entity <mux2to1>.
Parsing VHDL file "C:\Users\Sh\Desktop\VHDL_Project\Booth\SIMPLE_OR.vhd" into library work
Parsing entity <SIMPLE_OR>.
Parsing architecture <Structural> of entity <simple_or>.
Parsing VHDL file "C:\Users\Sh\Desktop\VHDL_Project\Booth\MUX4to1.vhd" into library work
Parsing entity <MUX4to1>.
Parsing architecture <Structural> of entity <mux4to1>.
Parsing VHDL file "C:\Users\Sh\Desktop\VHDL_Project\Booth\fulladder_1bit.vhd" into library work
Parsing entity <fulladder_1bit>.
Parsing architecture <Structural> of entity <fulladder_1bit>.
Parsing VHDL file "C:\Users\Sh\Desktop\VHDL_Project\Booth\DFF.vhd" into library work
Parsing entity <DFF>.
Parsing architecture <Behavioral> of entity <dff>.
Parsing VHDL file "C:\Users\Sh\Desktop\VHDL_Project\Booth\register_unit.vhd" into library work
Parsing entity <register_unit>.
Parsing architecture <Structural> of entity <register_unit>.
Parsing VHDL file "C:\Users\Sh\Desktop\VHDL_Project\Booth\OR_GATE.vhd" into library work
Parsing entity <OR_GATE>.
Parsing architecture <Structural> of entity <or_gate>.
Parsing VHDL file "C:\Users\Sh\Desktop\VHDL_Project\Booth\ops_unit.vhd" into library work
Parsing entity <ops_unit>.
Parsing architecture <Structural> of entity <ops_unit>.
Parsing VHDL file "C:\Users\Sh\Desktop\VHDL_Project\Booth\counter.vhd" into library work
Parsing entity <Counter>.
Parsing architecture <Structural> of entity <counter>.
Parsing VHDL file "C:\Users\Sh\Desktop\VHDL_Project\Booth\booth_logic.vhd" into library work
Parsing entity <booth_logic>.
Parsing architecture <Structural> of entity <booth_logic>.
Parsing VHDL file "C:\Users\Sh\Desktop\VHDL_Project\Booth\Booth_Multiplier_nbit.vhd" into library work
Parsing entity <Booth_Multiplier_nbit>.
Parsing architecture <Structural> of entity <booth_multiplier_nbit>.

=========================================================================
*                            HDL Elaboration                            *
=========================================================================

Elaborating entity <Booth_Multiplier_nbit> (architecture <Structural>) with generics from library <work>.

Elaborating entity <Counter> (architecture <Structural>) with generics from library <work>.

Elaborating entity <MUX2to1> (architecture <structure>) from library <work>.

Elaborating entity <DFF> (architecture <Behavioral>) from library <work>.

Elaborating entity <OR_GATE> (architecture <Structural>) with generics from library <work>.

Elaborating entity <SIMPLE_OR> (architecture <Structural>) from library <work>.

Elaborating entity <booth_logic> (architecture <Structural>) with generics from library <work>.

Elaborating entity <register_unit> (architecture <Structural>) from library <work>.

Elaborating entity <ops_unit> (architecture <Structural>) from library <work>.

Elaborating entity <fulladder_1bit> (architecture <Structural>) from library <work>.

Elaborating entity <MUX4to1> (architecture <Structural>) from library <work>.

=========================================================================
*                           HDL Synthesis                               *
=========================================================================

Synthesizing Unit <Booth_Multiplier_nbit>.
    Related source file is "C:\Users\Sh\Desktop\VHDL_Project\Booth\Booth_Multiplier_nbit.vhd".
        n = 4
    Summary:
	no macro.
Unit <Booth_Multiplier_nbit> synthesized.

Synthesizing Unit <Counter>.
    Related source file is "C:\Users\Sh\Desktop\VHDL_Project\Booth\counter.vhd".
        N = 8
    Summary:
	no macro.
Unit <Counter> synthesized.

Synthesizing Unit <MUX2to1>.
    Related source file is "C:\Users\Sh\Desktop\VHDL_Project\Booth\MUX2x1.vhd".
    Summary:
	no macro.
Unit <MUX2to1> synthesized.

Synthesizing Unit <DFF>.
    Related source file is "C:\Users\Sh\Desktop\VHDL_Project\Booth\DFF.vhd".
    Found 1-bit register for signal <QN>.
    Found 1-bit register for signal <Q>.
    Summary:
	inferred   2 D-type flip-flop(s).
Unit <DFF> synthesized.

Synthesizing Unit <OR_GATE>.
    Related source file is "C:\Users\Sh\Desktop\VHDL_Project\Booth\OR_GATE.vhd".
        N = 8
    Summary:
	no macro.
Unit <OR_GATE> synthesized.

Synthesizing Unit <SIMPLE_OR>.
    Related source file is "C:\Users\Sh\Desktop\VHDL_Project\Booth\SIMPLE_OR.vhd".
    Summary:
	no macro.
Unit <SIMPLE_OR> synthesized.

Synthesizing Unit <booth_logic>.
    Related source file is "C:\Users\Sh\Desktop\VHDL_Project\Booth\booth_logic.vhd".
        n = 4
INFO:Xst:3210 - "C:\Users\Sh\Desktop\VHDL_Project\Booth\booth_logic.vhd" line 74: Output port <C_out> of the instance <Q_gen[3].ops> is unconnected or connected to loadless signal.
    Summary:
	no macro.
Unit <booth_logic> synthesized.

Synthesizing Unit <register_unit>.
    Related source file is "C:\Users\Sh\Desktop\VHDL_Project\Booth\register_unit.vhd".
INFO:Xst:3210 - "C:\Users\Sh\Desktop\VHDL_Project\Booth\register_unit.vhd" line 60: Output port <QN> of the instance <reg> is unconnected or connected to loadless signal.
    Summary:
	no macro.
Unit <register_unit> synthesized.

Synthesizing Unit <ops_unit>.
    Related source file is "C:\Users\Sh\Desktop\VHDL_Project\Booth\ops_unit.vhd".
    Summary:
	no macro.
Unit <ops_unit> synthesized.

Synthesizing Unit <fulladder_1bit>.
    Related source file is "C:\Users\Sh\Desktop\VHDL_Project\Booth\fulladder_1bit.vhd".
    Summary:
Unit <fulladder_1bit> synthesized.

Synthesizing Unit <MUX4to1>.
    Related source file is "C:\Users\Sh\Desktop\VHDL_Project\Booth\MUX4to1.vhd".
    Summary:
	no macro.
Unit <MUX4to1> synthesized.

=========================================================================
HDL Synthesis Report

Macro Statistics
# Registers                                            : 34
 1-bit register                                        : 34
# Xors                                                 : 8
 1-bit xor2                                            : 8

=========================================================================

=========================================================================
*                       Advanced HDL Synthesis                          *
=========================================================================


=========================================================================
Advanced HDL Synthesis Report

Macro Statistics
# Registers                                            : 34
 Flip-Flops                                            : 34
# Xors                                                 : 8
 1-bit xor2                                            : 8

=========================================================================

=========================================================================
*                         Low Level Synthesis                           *
=========================================================================
WARNING:Xst:1989 - Unit <booth_logic>: instances <Q_gen[3].reg_with_ops>, <reg_last> of unit <register_unit> are equivalent, second instance is removed
WARNING:Xst:2677 - Node <reg_0/reg/QN> of sequential type is unconnected in block <booth_logic>.
WARNING:Xst:2677 - Node <Q_gen[1].reg/reg/QN> of sequential type is unconnected in block <booth_logic>.
WARNING:Xst:2677 - Node <Q_gen[1].reg_with_ops/reg/QN> of sequential type is unconnected in block <booth_logic>.
WARNING:Xst:2677 - Node <Q_gen[2].reg/reg/QN> of sequential type is unconnected in block <booth_logic>.
WARNING:Xst:2677 - Node <Q_gen[2].reg_with_ops/reg/QN> of sequential type is unconnected in block <booth_logic>.
WARNING:Xst:2677 - Node <Q_gen[3].reg/reg/QN> of sequential type is unconnected in block <booth_logic>.
WARNING:Xst:2677 - Node <Q_gen[3].reg_with_ops/reg/QN> of sequential type is unconnected in block <booth_logic>.
WARNING:Xst:2677 - Node <reg_n/reg/QN> of sequential type is unconnected in block <booth_logic>.

Optimizing unit <Booth_Multiplier_nbit> ...

Optimizing unit <booth_logic> ...

Optimizing unit <Counter> ...

Mapping all equations...
Building and optimizing final netlist ...
Found area constraint ratio of 100 (+ 5) on block Booth_Multiplier_nbit, actual ratio is 0.

Final Macro Processing ...

=========================================================================
Final Register Report

Macro Statistics
# Registers                                            : 24
 Flip-Flops                                            : 24

=========================================================================

=========================================================================
*                           Partition Report                            *
=========================================================================

Partition Implementation Status
-------------------------------

  No Partitions were found in this design.

-------------------------------

=========================================================================
*                            Design Summary                             *
=========================================================================

Top Level Output File Name         : Booth_Multiplier_nbit.ngc

Primitive and Black Box Usage:
------------------------------
# BELS                             : 37
#      LUT2                        : 18
#      LUT3                        : 10
#      LUT4                        : 1
#      LUT5                        : 4
#      LUT6                        : 4
# FlipFlops/Latches                : 24
#      FD_1                        : 24
# IO Buffers                       : 18
#      IBUF                        : 10
#      OBUF                        : 8

Device utilization summary:
---------------------------

Selected Device : 7a100tcsg324-3 


Slice Logic Utilization: 
 Number of Slice Registers:              24  out of  126800     0%  
 Number of Slice LUTs:                   37  out of  63400     0%  
    Number used as Logic:                37  out of  63400     0%  

Slice Logic Distribution: 
 Number of LUT Flip Flop pairs used:     37
   Number with an unused Flip Flop:      13  out of     37    35%  
   Number with an unused LUT:             0  out of     37     0%  
   Number of fully used LUT-FF pairs:    24  out of     37    64%  
   Number of unique control sets:         8

IO Utilization: 
 Number of IOs:                          18
 Number of bonded IOBs:                  18  out of    210     8%  

Specific Feature Utilization:

---------------------------
Partition Resource Summary:
---------------------------

  No Partitions were found in this design.

---------------------------


=========================================================================
Timing Report

NOTE: THESE TIMING NUMBERS ARE ONLY A SYNTHESIS ESTIMATE.
      FOR ACCURATE TIMING INFORMATION PLEASE REFER TO THE TRACE REPORT
      GENERATED AFTER PLACE-and-ROUTE.

Clock Information:
------------------
---------------------------------------------------------------------------+-------------------------------------------------+-------+
Clock Signal                                                               | Clock buffer(FF name)                           | Load  |
---------------------------------------------------------------------------+-------------------------------------------------+-------+
controlled_clk(booth_controller/MUX_inst_first/Y:O)                        | NONE(*)(booth_logics/reg_n/reg/Q)               | 10    |
booth_controller/mux_out_clk<1>(booth_controller/gen_dff[1].MUX_instj/Y1:O)| NONE(*)(booth_controller/gen_dff[1].DFF_instj/Q)| 2     |
booth_controller/mux_out_clk<2>(booth_controller/gen_dff[2].MUX_instj/Y1:O)| NONE(*)(booth_controller/gen_dff[2].DFF_instj/Q)| 2     |
booth_controller/mux_out_clk<3>(booth_controller/gen_dff[3].MUX_instj/Y1:O)| NONE(*)(booth_controller/gen_dff[3].DFF_instj/Q)| 2     |
booth_controller/mux_out_clk<4>(booth_controller/gen_dff[4].MUX_instj/Y1:O)| NONE(*)(booth_controller/gen_dff[4].DFF_instj/Q)| 2     |
booth_controller/mux_out_clk<5>(booth_controller/gen_dff[5].MUX_instj/Y1:O)| NONE(*)(booth_controller/gen_dff[5].DFF_instj/Q)| 2     |
booth_controller/mux_out_clk<6>(booth_controller/gen_dff[6].MUX_instj/Y1:O)| NONE(*)(booth_controller/gen_dff[6].DFF_instj/Q)| 2     |
booth_controller/mux_out_clk<7>(booth_controller/gen_dff[7].MUX_instj/Y1:O)| NONE(*)(booth_controller/gen_dff[7].DFF_instj/Q)| 2     |
---------------------------------------------------------------------------+-------------------------------------------------+-------+
(*) These 8 clock signal(s) are generated by combinatorial logic,
and XST is not able to identify which are the primary clock signals.
Please use the CLOCK_SIGNAL constraint to specify the clock signal(s) generated by combinatorial logic.
INFO:Xst:2169 - HDL ADVISOR - Some clock signals were not automatically buffered by XST with BUFG/BUFR resources. Please use the buffer_type constraint in order to insert these buffers to the clock signals to help prevent skew problems.

Asynchronous Control Signals Information:
----------------------------------------
No asynchronous control signals found in this design

Timing Summary:
---------------
Speed Grade: -3

   Minimum period: 1.603ns (Maximum Frequency: 623.986MHz)
   Minimum input arrival time before clock: 1.412ns
   Maximum output required time after clock: 0.675ns
   Maximum combinational path delay: No path found

Timing Details:
---------------
All values displayed in nanoseconds (ns)

=========================================================================
Timing constraint: Default period analysis for Clock 'controlled_clk'
  Clock period: 1.603ns (frequency: 623.986MHz)
  Total number of paths / destination ports: 28 / 10
-------------------------------------------------------------------------
Delay:               1.603ns (Levels of Logic = 2)
  Source:            booth_logics/Q_gen[2].reg_with_ops/reg/Q (FF)
  Destination:       booth_logics/Q_gen[3].reg_with_ops/reg/Q (FF)
  Source Clock:      controlled_clk falling
  Destination Clock: controlled_clk falling

  Data Path: booth_logics/Q_gen[2].reg_with_ops/reg/Q to booth_logics/Q_gen[3].reg_with_ops/reg/Q
                                Gate     Net
    Cell:in->out      fanout   Delay   Delay  Logical Name (Net Name)
    ----------------------------------------  ------------
     FD_1:C->Q             3   0.364   0.521  booth_logics/Q_gen[2].reg_with_ops/reg/Q (booth_logics/Q_gen[2].reg_with_ops/reg/Q)
     LUT5:I2->O            2   0.097   0.515  booth_logics/Q_gen[1].ops/fulladder/Cout1 (booth_logics/c_outs<1>)
     LUT4:I1->O            1   0.097   0.000  booth_logics/Q_gen[3].reg_with_ops/mux1/and02 (booth_logics/Q_gen[3].reg_with_ops/mux1/and0)
     FD_1:D                    0.008          booth_logics/Q_gen[3].reg_with_ops/reg/Q
    ----------------------------------------
    Total                      1.603ns (0.566ns logic, 1.037ns route)
                                       (35.3% logic, 64.7% route)

=========================================================================
Timing constraint: Default period analysis for Clock 'booth_controller/mux_out_clk<1>'
  Clock period: 0.852ns (frequency: 1173.021MHz)
  Total number of paths / destination ports: 2 / 2
-------------------------------------------------------------------------
Delay:               0.852ns (Levels of Logic = 1)
  Source:            booth_controller/gen_dff[1].DFF_instj/QN (FF)
  Destination:       booth_controller/gen_dff[1].DFF_instj/QN (FF)
  Source Clock:      booth_controller/mux_out_clk<1> falling
  Destination Clock: booth_controller/mux_out_clk<1> falling

  Data Path: booth_controller/gen_dff[1].DFF_instj/QN to booth_controller/gen_dff[1].DFF_instj/QN
                                Gate     Net
    Cell:in->out      fanout   Delay   Delay  Logical Name (Net Name)
    ----------------------------------------  ------------
     FD_1:C->Q             2   0.364   0.383  booth_controller/gen_dff[1].DFF_instj/QN (booth_controller/gen_dff[1].DFF_instj/QN)
     LUT2:I0->O            1   0.097   0.000  booth_controller/gen_dff[1].DFF_instj/QN_rstpot1 (booth_controller/gen_dff[1].DFF_instj/QN_rstpot)
     FD_1:D                    0.008          booth_controller/gen_dff[1].DFF_instj/QN
    ----------------------------------------
    Total                      0.852ns (0.469ns logic, 0.383ns route)
                                       (55.0% logic, 45.0% route)

=========================================================================
Timing constraint: Default period analysis for Clock 'booth_controller/mux_out_clk<2>'
  Clock period: 0.852ns (frequency: 1173.021MHz)
  Total number of paths / destination ports: 2 / 2
-------------------------------------------------------------------------
Delay:               0.852ns (Levels of Logic = 1)
  Source:            booth_controller/gen_dff[2].DFF_instj/QN (FF)
  Destination:       booth_controller/gen_dff[2].DFF_instj/Q (FF)
  Source Clock:      booth_controller/mux_out_clk<2> falling
  Destination Clock: booth_controller/mux_out_clk<2> falling

  Data Path: booth_controller/gen_dff[2].DFF_instj/QN to booth_controller/gen_dff[2].DFF_instj/Q
                                Gate     Net
    Cell:in->out      fanout   Delay   Delay  Logical Name (Net Name)
    ----------------------------------------  ------------
     FD_1:C->Q             2   0.364   0.383  booth_controller/gen_dff[2].DFF_instj/QN (booth_controller/gen_dff[2].DFF_instj/QN)
     LUT2:I0->O            1   0.097   0.000  booth_controller/gen_dff[2].MUX_j/Y1 (booth_controller/mux_out_d<2>)
     FD_1:D                    0.008          booth_controller/gen_dff[2].DFF_instj/Q
    ----------------------------------------
    Total                      0.852ns (0.469ns logic, 0.383ns route)
                                       (55.0% logic, 45.0% route)

=========================================================================
Timing constraint: Default period analysis for Clock 'booth_controller/mux_out_clk<3>'
  Clock period: 0.852ns (frequency: 1173.021MHz)
  Total number of paths / destination ports: 2 / 2
-------------------------------------------------------------------------
Delay:               0.852ns (Levels of Logic = 1)
  Source:            booth_controller/gen_dff[3].DFF_instj/QN (FF)
  Destination:       booth_controller/gen_dff[3].DFF_instj/Q (FF)
  Source Clock:      booth_controller/mux_out_clk<3> falling
  Destination Clock: booth_controller/mux_out_clk<3> falling

  Data Path: booth_controller/gen_dff[3].DFF_instj/QN to booth_controller/gen_dff[3].DFF_instj/Q
                                Gate     Net
    Cell:in->out      fanout   Delay   Delay  Logical Name (Net Name)
    ----------------------------------------  ------------
     FD_1:C->Q             2   0.364   0.383  booth_controller/gen_dff[3].DFF_instj/QN (booth_controller/gen_dff[3].DFF_instj/QN)
     LUT2:I0->O            1   0.097   0.000  booth_controller/gen_dff[3].MUX_j/Y1 (booth_controller/mux_out_d<3>)
     FD_1:D                    0.008          booth_controller/gen_dff[3].DFF_instj/Q
    ----------------------------------------
    Total                      0.852ns (0.469ns logic, 0.383ns route)
                                       (55.0% logic, 45.0% route)

=========================================================================
Timing constraint: Default period analysis for Clock 'booth_controller/mux_out_clk<4>'
  Clock period: 0.852ns (frequency: 1173.021MHz)
  Total number of paths / destination ports: 2 / 2
-------------------------------------------------------------------------
Delay:               0.852ns (Levels of Logic = 1)
  Source:            booth_controller/gen_dff[4].DFF_instj/QN (FF)
  Destination:       booth_controller/gen_dff[4].DFF_instj/Q (FF)
  Source Clock:      booth_controller/mux_out_clk<4> falling
  Destination Clock: booth_controller/mux_out_clk<4> falling

  Data Path: booth_controller/gen_dff[4].DFF_instj/QN to booth_controller/gen_dff[4].DFF_instj/Q
                                Gate     Net
    Cell:in->out      fanout   Delay   Delay  Logical Name (Net Name)
    ----------------------------------------  ------------
     FD_1:C->Q             2   0.364   0.383  booth_controller/gen_dff[4].DFF_instj/QN (booth_controller/gen_dff[4].DFF_instj/QN)
     LUT2:I0->O            1   0.097   0.000  booth_controller/gen_dff[4].MUX_j/Y1 (booth_controller/mux_out_d<4>)
     FD_1:D                    0.008          booth_controller/gen_dff[4].DFF_instj/Q
    ----------------------------------------
    Total                      0.852ns (0.469ns logic, 0.383ns route)
                                       (55.0% logic, 45.0% route)

=========================================================================
Timing constraint: Default period analysis for Clock 'booth_controller/mux_out_clk<5>'
  Clock period: 0.852ns (frequency: 1173.021MHz)
  Total number of paths / destination ports: 2 / 2
-------------------------------------------------------------------------
Delay:               0.852ns (Levels of Logic = 1)
  Source:            booth_controller/gen_dff[5].DFF_instj/QN (FF)
  Destination:       booth_controller/gen_dff[5].DFF_instj/Q (FF)
  Source Clock:      booth_controller/mux_out_clk<5> falling
  Destination Clock: booth_controller/mux_out_clk<5> falling

  Data Path: booth_controller/gen_dff[5].DFF_instj/QN to booth_controller/gen_dff[5].DFF_instj/Q
                                Gate     Net
    Cell:in->out      fanout   Delay   Delay  Logical Name (Net Name)
    ----------------------------------------  ------------
     FD_1:C->Q             2   0.364   0.383  booth_controller/gen_dff[5].DFF_instj/QN (booth_controller/gen_dff[5].DFF_instj/QN)
     LUT2:I0->O            1   0.097   0.000  booth_controller/gen_dff[5].MUX_j/Y1 (booth_controller/mux_out_d<5>)
     FD_1:D                    0.008          booth_controller/gen_dff[5].DFF_instj/Q
    ----------------------------------------
    Total                      0.852ns (0.469ns logic, 0.383ns route)
                                       (55.0% logic, 45.0% route)

=========================================================================
Timing constraint: Default period analysis for Clock 'booth_controller/mux_out_clk<6>'
  Clock period: 0.852ns (frequency: 1173.021MHz)
  Total number of paths / destination ports: 2 / 2
-------------------------------------------------------------------------
Delay:               0.852ns (Levels of Logic = 1)
  Source:            booth_controller/gen_dff[6].DFF_instj/QN (FF)
  Destination:       booth_controller/gen_dff[6].DFF_instj/Q (FF)
  Source Clock:      booth_controller/mux_out_clk<6> falling
  Destination Clock: booth_controller/mux_out_clk<6> falling

  Data Path: booth_controller/gen_dff[6].DFF_instj/QN to booth_controller/gen_dff[6].DFF_instj/Q
                                Gate     Net
    Cell:in->out      fanout   Delay   Delay  Logical Name (Net Name)
    ----------------------------------------  ------------
     FD_1:C->Q             2   0.364   0.383  booth_controller/gen_dff[6].DFF_instj/QN (booth_controller/gen_dff[6].DFF_instj/QN)
     LUT2:I0->O            1   0.097   0.000  booth_controller/gen_dff[6].MUX_j/Y1 (booth_controller/mux_out_d<6>)
     FD_1:D                    0.008          booth_controller/gen_dff[6].DFF_instj/Q
    ----------------------------------------
    Total                      0.852ns (0.469ns logic, 0.383ns route)
                                       (55.0% logic, 45.0% route)

=========================================================================
Timing constraint: Default period analysis for Clock 'booth_controller/mux_out_clk<7>'
  Clock period: 0.852ns (frequency: 1173.021MHz)
  Total number of paths / destination ports: 2 / 2
-------------------------------------------------------------------------
Delay:               0.852ns (Levels of Logic = 1)
  Source:            booth_controller/gen_dff[7].DFF_instj/QN (FF)
  Destination:       booth_controller/gen_dff[7].DFF_instj/Q (FF)
  Source Clock:      booth_controller/mux_out_clk<7> falling
  Destination Clock: booth_controller/mux_out_clk<7> falling

  Data Path: booth_controller/gen_dff[7].DFF_instj/QN to booth_controller/gen_dff[7].DFF_instj/Q
                                Gate     Net
    Cell:in->out      fanout   Delay   Delay  Logical Name (Net Name)
    ----------------------------------------  ------------
     FD_1:C->Q             2   0.364   0.383  booth_controller/gen_dff[7].DFF_instj/QN (booth_controller/gen_dff[7].DFF_instj/QN)
     LUT2:I0->O            1   0.097   0.000  booth_controller/gen_dff[7].MUX_j/Y1 (booth_controller/mux_out_d<7>)
     FD_1:D                    0.008          booth_controller/gen_dff[7].DFF_instj/Q
    ----------------------------------------
    Total                      0.852ns (0.469ns logic, 0.383ns route)
                                       (55.0% logic, 45.0% route)

=========================================================================
Timing constraint: Default OFFSET IN BEFORE for Clock 'controlled_clk'
  Total number of paths / destination ports: 26 / 10
-------------------------------------------------------------------------
Offset:              1.412ns (Levels of Logic = 3)
  Source:            multiplicand<0> (PAD)
  Destination:       booth_logics/Q_gen[3].reg_with_ops/reg/Q (FF)
  Destination Clock: controlled_clk falling

  Data Path: multiplicand<0> to booth_logics/Q_gen[3].reg_with_ops/reg/Q
                                Gate     Net
    Cell:in->out      fanout   Delay   Delay  Logical Name (Net Name)
    ----------------------------------------  ------------
     IBUF:I->O             3   0.001   0.693  multiplicand_0_IBUF (multiplicand_0_IBUF)
     LUT5:I0->O            2   0.097   0.515  booth_logics/Q_gen[1].ops/fulladder/Cout1 (booth_logics/c_outs<1>)
     LUT4:I1->O            1   0.097   0.000  booth_logics/Q_gen[3].reg_with_ops/mux1/and02 (booth_logics/Q_gen[3].reg_with_ops/mux1/and0)
     FD_1:D                    0.008          booth_logics/Q_gen[3].reg_with_ops/reg/Q
    ----------------------------------------
    Total                      1.412ns (0.203ns logic, 1.209ns route)
                                       (14.4% logic, 85.6% route)

=========================================================================
Timing constraint: Default OFFSET IN BEFORE for Clock 'booth_controller/mux_out_clk<1>'
  Total number of paths / destination ports: 2 / 2
-------------------------------------------------------------------------
Offset:              0.592ns (Levels of Logic = 2)
  Source:            s (PAD)
  Destination:       booth_controller/gen_dff[1].DFF_instj/Q (FF)
  Destination Clock: booth_controller/mux_out_clk<1> falling

  Data Path: s to booth_controller/gen_dff[1].DFF_instj/Q
                                Gate     Net
    Cell:in->out      fanout   Delay   Delay  Logical Name (Net Name)
    ----------------------------------------  ------------
     IBUF:I->O            32   0.001   0.486  s_IBUF (s_IBUF)
     LUT2:I0->O            1   0.097   0.000  booth_controller/gen_dff[1].MUX_j/and01 (booth_controller/gen_dff[1].MUX_j/and0)
     FD_1:D                    0.008          booth_controller/gen_dff[1].DFF_instj/Q
    ----------------------------------------
    Total                      0.592ns (0.106ns logic, 0.486ns route)
                                       (17.9% logic, 82.1% route)

=========================================================================
Timing constraint: Default OFFSET IN BEFORE for Clock 'booth_controller/mux_out_clk<2>'
  Total number of paths / destination ports: 2 / 2
-------------------------------------------------------------------------
Offset:              0.508ns (Levels of Logic = 2)
  Source:            s (PAD)
  Destination:       booth_controller/gen_dff[2].DFF_instj/Q (FF)
  Destination Clock: booth_controller/mux_out_clk<2> falling

  Data Path: s to booth_controller/gen_dff[2].DFF_instj/Q
                                Gate     Net
    Cell:in->out      fanout   Delay   Delay  Logical Name (Net Name)
    ----------------------------------------  ------------
     IBUF:I->O            32   0.001   0.402  s_IBUF (s_IBUF)
     LUT2:I1->O            1   0.097   0.000  booth_controller/gen_dff[2].MUX_j/Y1 (booth_controller/mux_out_d<2>)
     FD_1:D                    0.008          booth_controller/gen_dff[2].DFF_instj/Q
    ----------------------------------------
    Total                      0.508ns (0.106ns logic, 0.402ns route)
                                       (20.9% logic, 79.1% route)

=========================================================================
Timing constraint: Default OFFSET IN BEFORE for Clock 'booth_controller/mux_out_clk<3>'
  Total number of paths / destination ports: 2 / 2
-------------------------------------------------------------------------
Offset:              0.508ns (Levels of Logic = 2)
  Source:            s (PAD)
  Destination:       booth_controller/gen_dff[3].DFF_instj/Q (FF)
  Destination Clock: booth_controller/mux_out_clk<3> falling

  Data Path: s to booth_controller/gen_dff[3].DFF_instj/Q
                                Gate     Net
    Cell:in->out      fanout   Delay   Delay  Logical Name (Net Name)
    ----------------------------------------  ------------
     IBUF:I->O            32   0.001   0.402  s_IBUF (s_IBUF)
     LUT2:I1->O            1   0.097   0.000  booth_controller/gen_dff[3].MUX_j/Y1 (booth_controller/mux_out_d<3>)
     FD_1:D                    0.008          booth_controller/gen_dff[3].DFF_instj/Q
    ----------------------------------------
    Total                      0.508ns (0.106ns logic, 0.402ns route)
                                       (20.9% logic, 79.1% route)

=========================================================================
Timing constraint: Default OFFSET IN BEFORE for Clock 'booth_controller/mux_out_clk<4>'
  Total number of paths / destination ports: 2 / 2
-------------------------------------------------------------------------
Offset:              0.508ns (Levels of Logic = 2)
  Source:            s (PAD)
  Destination:       booth_controller/gen_dff[4].DFF_instj/Q (FF)
  Destination Clock: booth_controller/mux_out_clk<4> falling

  Data Path: s to booth_controller/gen_dff[4].DFF_instj/Q
                                Gate     Net
    Cell:in->out      fanout   Delay   Delay  Logical Name (Net Name)
    ----------------------------------------  ------------
     IBUF:I->O            32   0.001   0.402  s_IBUF (s_IBUF)
     LUT2:I1->O            1   0.097   0.000  booth_controller/gen_dff[4].MUX_j/Y1 (booth_controller/mux_out_d<4>)
     FD_1:D                    0.008          booth_controller/gen_dff[4].DFF_instj/Q
    ----------------------------------------
    Total                      0.508ns (0.106ns logic, 0.402ns route)
                                       (20.9% logic, 79.1% route)

=========================================================================
Timing constraint: Default OFFSET IN BEFORE for Clock 'booth_controller/mux_out_clk<5>'
  Total number of paths / destination ports: 2 / 2
-------------------------------------------------------------------------
Offset:              0.508ns (Levels of Logic = 2)
  Source:            s (PAD)
  Destination:       booth_controller/gen_dff[5].DFF_instj/Q (FF)
  Destination Clock: booth_controller/mux_out_clk<5> falling

  Data Path: s to booth_controller/gen_dff[5].DFF_instj/Q
                                Gate     Net
    Cell:in->out      fanout   Delay   Delay  Logical Name (Net Name)
    ----------------------------------------  ------------
     IBUF:I->O            32   0.001   0.402  s_IBUF (s_IBUF)
     LUT2:I1->O            1   0.097   0.000  booth_controller/gen_dff[5].MUX_j/Y1 (booth_controller/mux_out_d<5>)
     FD_1:D                    0.008          booth_controller/gen_dff[5].DFF_instj/Q
    ----------------------------------------
    Total                      0.508ns (0.106ns logic, 0.402ns route)
                                       (20.9% logic, 79.1% route)

=========================================================================
Timing constraint: Default OFFSET IN BEFORE for Clock 'booth_controller/mux_out_clk<6>'
  Total number of paths / destination ports: 2 / 2
-------------------------------------------------------------------------
Offset:              0.508ns (Levels of Logic = 2)
  Source:            s (PAD)
  Destination:       booth_controller/gen_dff[6].DFF_instj/Q (FF)
  Destination Clock: booth_controller/mux_out_clk<6> falling

  Data Path: s to booth_controller/gen_dff[6].DFF_instj/Q
                                Gate     Net
    Cell:in->out      fanout   Delay   Delay  Logical Name (Net Name)
    ----------------------------------------  ------------
     IBUF:I->O            32   0.001   0.402  s_IBUF (s_IBUF)
     LUT2:I1->O            1   0.097   0.000  booth_controller/gen_dff[6].MUX_j/Y1 (booth_controller/mux_out_d<6>)
     FD_1:D                    0.008          booth_controller/gen_dff[6].DFF_instj/Q
    ----------------------------------------
    Total                      0.508ns (0.106ns logic, 0.402ns route)
                                       (20.9% logic, 79.1% route)

=========================================================================
Timing constraint: Default OFFSET IN BEFORE for Clock 'booth_controller/mux_out_clk<7>'
  Total number of paths / destination ports: 2 / 2
-------------------------------------------------------------------------
Offset:              0.508ns (Levels of Logic = 2)
  Source:            s (PAD)
  Destination:       booth_controller/gen_dff[7].DFF_instj/Q (FF)
  Destination Clock: booth_controller/mux_out_clk<7> falling

  Data Path: s to booth_controller/gen_dff[7].DFF_instj/Q
                                Gate     Net
    Cell:in->out      fanout   Delay   Delay  Logical Name (Net Name)
    ----------------------------------------  ------------
     IBUF:I->O            32   0.001   0.402  s_IBUF (s_IBUF)
     LUT2:I1->O            1   0.097   0.000  booth_controller/gen_dff[7].MUX_j/Y1 (booth_controller/mux_out_d<7>)
     FD_1:D                    0.008          booth_controller/gen_dff[7].DFF_instj/Q
    ----------------------------------------
    Total                      0.508ns (0.106ns logic, 0.402ns route)
                                       (20.9% logic, 79.1% route)

=========================================================================
Timing constraint: Default OFFSET OUT AFTER for Clock 'controlled_clk'
  Total number of paths / destination ports: 8 / 8
-------------------------------------------------------------------------
Offset:              0.675ns (Levels of Logic = 1)
  Source:            booth_logics/Q_gen[1].reg/reg/Q (FF)
  Destination:       result<0> (PAD)
  Source Clock:      controlled_clk falling

  Data Path: booth_logics/Q_gen[1].reg/reg/Q to result<0>
                                Gate     Net
    Cell:in->out      fanout   Delay   Delay  Logical Name (Net Name)
    ----------------------------------------  ------------
     FD_1:C->Q             8   0.364   0.311  booth_logics/Q_gen[1].reg/reg/Q (booth_logics/Q_gen[1].reg/reg/Q)
     OBUF:I->O                 0.000          result_0_OBUF (result<0>)
    ----------------------------------------
    Total                      0.675ns (0.364ns logic, 0.311ns route)
                                       (53.9% logic, 46.1% route)

=========================================================================

Cross Clock Domains Report:
--------------------------

Clock to Setup on destination clock booth_controller/mux_out_clk<1>
-------------------------------+---------+---------+---------+---------+
                               | Src:Rise| Src:Fall| Src:Rise| Src:Fall|
Source Clock                   |Dest:Rise|Dest:Rise|Dest:Fall|Dest:Fall|
-------------------------------+---------+---------+---------+---------+
booth_controller/mux_out_clk<1>|         |         |    0.852|         |
-------------------------------+---------+---------+---------+---------+

Clock to Setup on destination clock booth_controller/mux_out_clk<2>
-------------------------------+---------+---------+---------+---------+
                               | Src:Rise| Src:Fall| Src:Rise| Src:Fall|
Source Clock                   |Dest:Rise|Dest:Rise|Dest:Fall|Dest:Fall|
-------------------------------+---------+---------+---------+---------+
booth_controller/mux_out_clk<2>|         |         |    0.852|         |
-------------------------------+---------+---------+---------+---------+

Clock to Setup on destination clock booth_controller/mux_out_clk<3>
-------------------------------+---------+---------+---------+---------+
                               | Src:Rise| Src:Fall| Src:Rise| Src:Fall|
Source Clock                   |Dest:Rise|Dest:Rise|Dest:Fall|Dest:Fall|
-------------------------------+---------+---------+---------+---------+
booth_controller/mux_out_clk<3>|         |         |    0.852|         |
-------------------------------+---------+---------+---------+---------+

Clock to Setup on destination clock booth_controller/mux_out_clk<4>
-------------------------------+---------+---------+---------+---------+
                               | Src:Rise| Src:Fall| Src:Rise| Src:Fall|
Source Clock                   |Dest:Rise|Dest:Rise|Dest:Fall|Dest:Fall|
-------------------------------+---------+---------+---------+---------+
booth_controller/mux_out_clk<4>|         |         |    0.852|         |
-------------------------------+---------+---------+---------+---------+

Clock to Setup on destination clock booth_controller/mux_out_clk<5>
-------------------------------+---------+---------+---------+---------+
                               | Src:Rise| Src:Fall| Src:Rise| Src:Fall|
Source Clock                   |Dest:Rise|Dest:Rise|Dest:Fall|Dest:Fall|
-------------------------------+---------+---------+---------+---------+
booth_controller/mux_out_clk<5>|         |         |    0.852|         |
-------------------------------+---------+---------+---------+---------+

Clock to Setup on destination clock booth_controller/mux_out_clk<6>
-------------------------------+---------+---------+---------+---------+
                               | Src:Rise| Src:Fall| Src:Rise| Src:Fall|
Source Clock                   |Dest:Rise|Dest:Rise|Dest:Fall|Dest:Fall|
-------------------------------+---------+---------+---------+---------+
booth_controller/mux_out_clk<6>|         |         |    0.852|         |
-------------------------------+---------+---------+---------+---------+

Clock to Setup on destination clock booth_controller/mux_out_clk<7>
-------------------------------+---------+---------+---------+---------+
                               | Src:Rise| Src:Fall| Src:Rise| Src:Fall|
Source Clock                   |Dest:Rise|Dest:Rise|Dest:Fall|Dest:Fall|
-------------------------------+---------+---------+---------+---------+
booth_controller/mux_out_clk<7>|         |         |    0.852|         |
-------------------------------+---------+---------+---------+---------+

Clock to Setup on destination clock controlled_clk
---------------+---------+---------+---------+---------+
               | Src:Rise| Src:Fall| Src:Rise| Src:Fall|
Source Clock   |Dest:Rise|Dest:Rise|Dest:Fall|Dest:Fall|
---------------+---------+---------+---------+---------+
controlled_clk |         |         |    1.603|         |
---------------+---------+---------+---------+---------+

=========================================================================


Total REAL time to Xst completion: 30.00 secs
Total CPU time to Xst completion: 30.70 secs
 
--> 

Total memory usage is 429924 kilobytes

Number of errors   :    0 (   0 filtered)
Number of warnings :    9 (   0 filtered)
Number of infos    :    3 (   0 filtered)

