Running: E:\Xilinx\14.7\ISE_DS\ISE\bin\nt64\unwrapped\fuse.exe -intstyle ise -incremental -lib secureip -o C:/Users/Sh/Desktop/VHDL_Project/Booth/Booth_tb_isim_beh.exe -prj C:/Users/Sh/Desktop/VHDL_Project/Booth/Booth_tb_beh.prj work.Booth_tb 
ISim P.20131013 (signature 0x7708f090)
Number of CPUs detected in this system: 1
Turning on mult-threading, number of parallel sub-compilation jobs: 0 
Determining compilation order of HDL files
Parsing VHDL file "C:/Users/Sh/Desktop/VHDL_Project/Booth/MUX2x1.vhd" into library work
Parsing VHDL file "C:/Users/Sh/Desktop/VHDL_Project/Booth/SIMPLE_OR.vhd" into library work
Parsing VHDL file "C:/Users/Sh/Desktop/VHDL_Project/Booth/MUX4to1.vhd" into library work
Parsing VHDL file "C:/Users/Sh/Desktop/VHDL_Project/Booth/fulladder_1bit.vhd" into library work
Parsing VHDL file "C:/Users/Sh/Desktop/VHDL_Project/Booth/DFF.vhd" into library work
Parsing VHDL file "C:/Users/Sh/Desktop/VHDL_Project/Booth/register_unit.vhd" into library work
Parsing VHDL file "C:/Users/Sh/Desktop/VHDL_Project/Booth/OR_GATE.vhd" into library work
Parsing VHDL file "C:/Users/Sh/Desktop/VHDL_Project/Booth/ops_unit.vhd" into library work
Parsing VHDL file "C:/Users/Sh/Desktop/VHDL_Project/Booth/counter.vhd" into library work
Parsing VHDL file "C:/Users/Sh/Desktop/VHDL_Project/Booth/booth_logic.vhd" into library work
Parsing VHDL file "C:/Users/Sh/Desktop/VHDL_Project/Booth/Booth_Multiplier_nbit.vhd" into library work
Parsing VHDL file "C:/Users/Sh/Desktop/VHDL_Project/Booth/Booth_tb.vhd" into library work
Starting static elaboration
Completed static elaboration
Compiling package standard
Compiling package std_logic_1164
Compiling package numeric_std
Compiling architecture structure of entity MUX2to1 [mux2to1_default]
Compiling architecture behavioral of entity DFF [dff_default]
Compiling architecture structural of entity SIMPLE_OR [simple_or_default]
Compiling architecture structural of entity OR_GATE [\OR_GATE(8)\]
Compiling architecture structural of entity Counter [\Counter(8)\]
Compiling architecture structural of entity register_unit [register_unit_default]
Compiling architecture structural of entity fulladder_1bit [fulladder_1bit_default]
Compiling architecture structural of entity MUX4to1 [mux4to1_default]
Compiling architecture structural of entity ops_unit [ops_unit_default]
Compiling architecture structural of entity booth_logic [\booth_logic(3)\]
Compiling architecture structural of entity Booth_Multiplier_nbit [\Booth_Multiplier_nbit(3)\]
Compiling architecture behavioral of entity booth_tb
Time Resolution for simulation is 1ps.
Compiled 26 VHDL Units
Built simulation executable C:/Users/Sh/Desktop/VHDL_Project/Booth/Booth_tb_isim_beh.exe
Fuse Memory Usage: 35396 KB
Fuse CPU Usage: 1715 ms
